[backblue.gif]
[fade.gif]
[index.html]
[roenshcapital.com/js/vendors/uikit.min.js]
[roenshcapital.com/fonts/fa-brands-400.woff2]
[roenshcapital.com/fonts/fa-solid-900.woff2]
[roenshcapital.com/fonts/inter-v2-latin-regular.woff2]
[roenshcapital.com/fonts/inter-v2-latin-500.woff2]
[roenshcapital.com/fonts/inter-v2-latin-700.woff2]
[roenshcapital.com/favicon.png]
[roenshcapital.com/apple-touch-icon.png]
[roenshcapital.com/images/logo1.png]
[gtranslate.net/flags/16.png]
[gtranslate.net/flags/16a.png]
[translate.google.com/translate_a/element7876.js]
[roenshcapital.com/img/in-liquid-slide-bg.png]
[roenshcapital.com/img/in-lazy.gif]
[files.coinmarketcap.com/static/widget/coinMarquee.js]
[roenshcapital.com/img/in-liquid-card-bg.png]
[roenshcapital.com/img/in-liquid-3-bg.png]
[s3.tradingview.com/external-embedding/embed-widget-forex-cross-rates.js]
[roenshcapital.com/images/3.jpg]
[roenshcapital.com/images/2.jpg]
[roenshcapital.com/images/1.jpg]
[s3.tradingview.com/external-embedding/embed-widget-hotlists.js]
[s3.tradingview.com/external-embedding/embed-widget-timeline.js]
[roenshcapital.com/js/vendors/blockit.min.js]
[roenshcapital.com/js/config-theme.js]
[roenshcapital.com/index.html]
[roenshcapital.com/css/vendors/uikit.min.css]
[roenshcapital.com/fonts/fa-brands-400.woff]
[roenshcapital.com/fonts/fa-solid-900.woff]
[roenshcapital.com/css/style1.css]
[roenshcapital.com/indexbc14.html]
[widgets.coingecko.com/coingecko-coin-list-widget.js]
[roenshcapital.com/indexee3a.html]
[roenshcapital.com/images/about-2.jpg]
[roenshcapital.com/img/in-team-background-1.png]
[roenshcapital.com/images/certificate.jpg]
[roenshcapital.com/indexe47e.html]
[roenshcapital.com/img/in-card-background-1.jpg]
[roenshcapital.com/img/in-team-5.png]
[roenshcapital.com/indexa972.html]
[roenshcapital.com/index8919.html]
[files.coinmarketcap.com/static/widget/coinPriceBlock.js]
[roenshcapital.com/index88fd.html]
[roenshcapital.com/indexf526.html]
[roenshcapital.com/index15a0.html]
[roenshcapital.com/favicon.ico]
[roenshcapital.com/img/in-signin-image.jpg]
[roenshcapital.com/indexc30b.html]
[roenshcapital.com/indexcca3.html]
[roenshcapital.com/index5ba7.html]
[roenshcapital.com/pa470.html]
[roenshcapital.com/images/privacy-policy.html]
[roenshcapital.com/images/asic-bizofx.html]
[roenshcapital.com/images/bizofx.html]
[roenshcapital.com/register.html]
[roenshcapital.com/index8083.html]
[roenshcapital.com/fonts/inter-v2-latin-700.woff]
[code.tidio.co_443/moklyznmw3fky8zzbxai5gesraw0xggw.js]
[roenshcapital.com/fonts/inter-v2-latin-regular.woff]
[roenshcapital.com/fonts/inter-v2-latin-500.woff]
